2026-09-29 05:09:13.738 EDT [19424] LOG:  starting PostgreSQL 18.6 on x86_64-windows, compiled by msvc-19.44.35228, 64-bit
2026-09-29 05:09:13.739 EDT [19424] LOG:  listening on IPv4 address "127.0.0.1", port 5432
2026-09-29 05:09:13.802 EDT [7876] LOG:  database system was interrupted; last known up at 2026-09-29 05:06:37 EDT
2026-09-29 05:09:14.135 EDT [7876] LOG:  database system was not properly shut down; automatic recovery in progress
2026-09-29 05:09:14.138 EDT [7876] LOG:  invalid record length at 1D/B94DC0C0: expected at least 24, got 0
2026-09-29 05:09:14.138 EDT [7876] LOG:  redo is not required
2026-09-29 05:09:14.142 EDT [15168] LOG:  checkpoint starting: end-of-recovery immediate wait
2026-09-29 05:09:14.152 EDT [15168] LOG:  checkpoint complete: wrote 0 buffers (0.0%), wrote 3 SLRU buffers; 0 WAL file(s) added, 0 removed, 0 recycled; write=0.003 s, sync=0.002 s, total=0.012 s; sync files=2, longest=0.002 s, average=0.001 s; distance=0 kB, estimate=0 kB; lsn=1D/B94DC0C0, redo lsn=1D/B94DC0C0
2026-09-29 05:09:14.160 EDT [19424] LOG:  database system is ready to accept connections
2026-10-01 05:37:41.314 EDT [19376] LOG:  starting PostgreSQL 18.6 on x86_64-windows, compiled by msvc-19.44.35228, 64-bit
2026-10-01 05:37:41.319 EDT [19376] LOG:  listening on IPv6 address "::1", port 5432
2026-10-01 05:37:41.319 EDT [19376] LOG:  listening on IPv4 address "127.0.0.1", port 5432
2026-10-01 05:37:41.404 EDT [5820] LOG:  database system was interrupted; last known up at 2026-09-29 05:09:14 EDT
2026-10-01 05:37:43.045 EDT [5820] LOG:  database system was not properly shut down; automatic recovery in progress
2026-10-01 05:37:43.047 EDT [5820] LOG:  invalid record length at 1D/B94DC138: expected at least 24, got 0
2026-10-01 05:37:43.047 EDT [5820] LOG:  redo is not required
2026-10-01 05:37:43.057 EDT [17968] LOG:  checkpoint starting: end-of-recovery immediate wait
2026-10-01 05:37:43.069 EDT [17968] LOG:  checkpoint complete: wrote 0 buffers (0.0%), wrote 3 SLRU buffers; 0 WAL file(s) added, 0 removed, 0 recycled; write=0.003 s, sync=0.002 s, total=0.019 s; sync files=2, longest=0.001 s, average=0.001 s; distance=0 kB, estimate=0 kB; lsn=1D/B94DC138, redo lsn=1D/B94DC138
2026-10-01 05:37:43.080 EDT [19376] LOG:  database system is ready to accept connections
2026-10-01 06:00:34.174 EDT [15928] LOG:  starting PostgreSQL 18.6 on x86_64-windows, compiled by msvc-19.44.35228, 64-bit
2026-10-01 06:00:34.178 EDT [15928] LOG:  listening on IPv6 address "::1", port 5432
2026-10-01 06:00:34.178 EDT [15928] LOG:  listening on IPv4 address "127.0.0.1", port 5432
2026-10-01 06:00:34.251 EDT [8124] LOG:  database system was interrupted; last known up at 2026-10-01 05:57:18 EDT
2026-10-01 06:00:34.880 EDT [8124] LOG:  database system was not properly shut down; automatic recovery in progress
2026-10-01 06:00:34.884 EDT [8124] LOG:  redo starts at 1E/53400910
2026-10-01 06:00:39.135 EDT [8124] LOG:  unexpected pageaddr 1E/3F1B4000 in WAL segment 000000010000001E0000007F, LSN 1E/7F1B4000, offset 1785856
2026-10-01 06:00:39.135 EDT [8124] LOG:  redo done at 1E/7F1B3FA0 system usage: CPU: user: 2.62 s, system: 1.25 s, elapsed: 4.25 s
2026-10-01 06:00:39.140 EDT [268] LOG:  checkpoint starting: end-of-recovery immediate wait
2026-10-01 06:00:40.308 EDT [268] LOG:  checkpoint complete: wrote 16284 buffers (99.4%), wrote 3 SLRU buffers; 0 WAL file(s) added, 0 removed, 44 recycled; write=0.163 s, sync=0.870 s, total=1.169 s; sync files=158, longest=0.565 s, average=0.006 s; distance=718541 kB, estimate=718541 kB; lsn=1E/7F1B4048, redo lsn=1E/7F1B4048
2026-10-01 06:00:40.321 EDT [15928] LOG:  database system is ready to accept connections
2026-10-02 23:27:52.301 EDT [8828] LOG:  starting PostgreSQL 18.6 on x86_64-windows, compiled by msvc-19.44.35228, 64-bit
2026-10-02 23:27:52.306 EDT [8828] LOG:  listening on IPv6 address "::1", port 5432
2026-10-02 23:27:52.306 EDT [8828] LOG:  listening on IPv4 address "127.0.0.1", port 5432
2026-10-02 23:27:52.372 EDT [17152] LOG:  database system was interrupted; last known up at 2026-10-02 23:21:55 EDT
2026-10-02 23:27:53.871 EDT [17152] LOG:  database system was not properly shut down; automatic recovery in progress
2026-10-02 23:27:53.874 EDT [17152] LOG:  redo starts at 25/B7B21948
2026-10-02 23:27:58.831 EDT [17152] LOG:  invalid record length at 25/F2ABD8C0: expected at least 24, got 0
2026-10-02 23:27:58.831 EDT [17152] LOG:  redo done at 25/F2ABD888 system usage: CPU: user: 3.43 s, system: 1.45 s, elapsed: 4.95 s
2026-10-02 23:27:58.850 EDT [18948] LOG:  checkpoint starting: end-of-recovery immediate wait
2026-10-02 23:28:00.380 EDT [18948] LOG:  checkpoint complete: wrote 16186 buffers (98.8%), wrote 3 SLRU buffers; 0 WAL file(s) added, 0 removed, 59 recycled; write=0.214 s, sync=1.090 s, total=1.541 s; sync files=36, longest=1.012 s, average=0.031 s; distance=966255 kB, estimate=966255 kB; lsn=25/F2ABD8C0, redo lsn=25/F2ABD8C0
2026-10-02 23:28:00.398 EDT [8828] LOG:  database system is ready to accept connections
